{-# LANGUAGE DisambiguateRecordFields #-}

module Main
  ( main
  ) where

box :: BoxQ
box = MkBoxQ {contentQ = 41, labelQ = "x"}

grab :: BoxQ -> Int
grab MkBoxQ {contentQ = c} = c

main :: IO ()
main = do
  print (grab box)
  print (labelQ box)

-- ### Mod
data BoxQ = MkBoxQ
  { contentQ :: Int
  , labelQ :: String
  }

myFuncQ :: Int -> Int
myFuncQ = (* 2)

myOtherQ :: Int -> Int -> Int
myOtherQ = (+)
